Archive member included to satisfy reference by file (symbol)

lib/libql_app_peripheral.a(led_cfg_demo.c.obj)
                              components/ql-application/init/CMakeFiles/APPIMAGE_APP.dir/ql_init.c.obj (ql_ledcfg_app_init)
lib/libql_app_power.a(power_demo.c.obj)
                              components/ql-application/init/CMakeFiles/APPIMAGE_APP.dir/ql_init.c.obj (ql_power_app_init)
lib/libql_app_mqtt.a(mqtt_demo.c.obj)
                              components/ql-application/init/CMakeFiles/APPIMAGE_APP.dir/ql_init.c.obj (ql_mqtt_app_init)
lib/libql_app_hd_gnss.a(hd_gnss_demo.c.obj)
                              components/ql-application/init/CMakeFiles/APPIMAGE_APP.dir/ql_init.c.obj (ql_hd_gnss_app_init)
..\..\components\newlib\newlib-3.1.0\armca5\libc.a(lib_a-atof.o)
                              lib/libql_app_hd_gnss.a(hd_gnss_demo.c.obj) (atof)
..\..\components\newlib\newlib-3.1.0\armca5\libc.a(lib_a-atoi.o)
                              lib/libql_app_hd_gnss.a(hd_gnss_demo.c.obj) (atoi)
..\..\components\newlib\newlib-3.1.0\armca5\libc.a(lib_a-memchr.o)
                              lib/libql_app_hd_gnss.a(hd_gnss_demo.c.obj) (memchr)
..\..\components\newlib\newlib-3.1.0\armca5\libc.a(lib_a-memcpy-stub.o)
                              lib/libql_app_mqtt.a(mqtt_demo.c.obj) (memcpy)
..\..\components\newlib\newlib-3.1.0\armca5\libc.a(lib_a-memmove.o)
                              lib/libql_app_hd_gnss.a(hd_gnss_demo.c.obj) (memmove)
..\..\components\newlib\newlib-3.1.0\armca5\libc.a(lib_a-memset.o)
                              lib/libql_app_mqtt.a(mqtt_demo.c.obj) (memset)
..\..\components\newlib\newlib-3.1.0\armca5\libc.a(lib_a-snprintf.o)
                              lib/libql_app_mqtt.a(mqtt_demo.c.obj) (snprintf)
..\..\components\newlib\newlib-3.1.0\armca5\libc.a(lib_a-strchr.o)
                              lib/libql_app_hd_gnss.a(hd_gnss_demo.c.obj) (strchr)
..\..\components\newlib\newlib-3.1.0\armca5\libc.a(lib_a-strcmp.o)
                              lib/libql_app_hd_gnss.a(hd_gnss_demo.c.obj) (strcmp)
..\..\components\newlib\newlib-3.1.0\armca5\libc.a(lib_a-strlen.o)
                              lib/libql_app_mqtt.a(mqtt_demo.c.obj) (strlen)
..\..\components\newlib\newlib-3.1.0\armca5\libc.a(lib_a-strncmp.o)
                              lib/libql_app_hd_gnss.a(hd_gnss_demo.c.obj) (strncmp)
..\..\components\newlib\newlib-3.1.0\armca5\libc.a(lib_a-strtod.o)
                              ..\..\components\newlib\newlib-3.1.0\armca5\libc.a(lib_a-atof.o) (strtod)
..\..\components\newlib\newlib-3.1.0\armca5\libc.a(lib_a-strtol.o)
                              ..\..\components\newlib\newlib-3.1.0\armca5\libc.a(lib_a-atoi.o) (_strtol_r)
..\..\components\newlib\newlib-3.1.0\armca5\libc.a(lib_a-svfprintf.o)
                              ..\..\components\newlib\newlib-3.1.0\armca5\libc.a(lib_a-snprintf.o) (_svfprintf_r)
..\..\components\newlib\newlib-3.1.0\armca5\libc.a(lib_a-ctype_.o)
                              ..\..\components\newlib\newlib-3.1.0\armca5\libc.a(lib_a-strtol.o) (_ctype_)
..\..\components\newlib\newlib-3.1.0\armca5\libc.a(lib_a-dtoa.o)
                              ..\..\components\newlib\newlib-3.1.0\armca5\libc.a(lib_a-svfprintf.o) (_dtoa_r)
..\..\components\newlib\newlib-3.1.0\armca5\libc.a(lib_a-gdtoa-gethex.o)
                              ..\..\components\newlib\newlib-3.1.0\armca5\libc.a(lib_a-strtod.o) (__gethex)
..\..\components\newlib\newlib-3.1.0\armca5\libc.a(lib_a-gdtoa-hexnan.o)
                              ..\..\components\newlib\newlib-3.1.0\armca5\libc.a(lib_a-strtod.o) (__match)
..\..\components\newlib\newlib-3.1.0\armca5\libc.a(lib_a-lnumeric.o)
                              ..\..\components\newlib\newlib-3.1.0\armca5\libc.a(lib_a-strtod.o) (_C_numeric_locale)
..\..\components\newlib\newlib-3.1.0\armca5\libc.a(lib_a-localeconv.o)
                              ..\..\components\newlib\newlib-3.1.0\armca5\libc.a(lib_a-svfprintf.o) (_localeconv_r)
..\..\components\newlib\newlib-3.1.0\armca5\libc.a(lib_a-locale.o)
                              ..\..\components\newlib\newlib-3.1.0\armca5\libc.a(lib_a-strtod.o) (__global_locale)
..\..\components\newlib\newlib-3.1.0\armca5\libc.a(lib_a-mbtowc_r.o)
                              ..\..\components\newlib\newlib-3.1.0\armca5\libc.a(lib_a-locale.o) (__ascii_mbtowc)
..\..\components\newlib\newlib-3.1.0\armca5\libc.a(lib_a-mprec.o)
                              ..\..\components\newlib\newlib-3.1.0\armca5\libc.a(lib_a-strtod.o) (_Balloc)
..\..\components\newlib\newlib-3.1.0\armca5\libc.a(lib_a-sf_nan.o)
                              ..\..\components\newlib\newlib-3.1.0\armca5\libc.a(lib_a-strtod.o) (nanf)
..\..\components\newlib\newlib-3.1.0\armca5\libc.a(lib_a-s_frexp.o)
                              ..\..\components\newlib\newlib-3.1.0\armca5\libc.a(lib_a-svfprintf.o) (frexp)
..\..\components\newlib\newlib-3.1.0\armca5\libc.a(lib_a-s_nan.o)
[...]
Memory Configuration

Name             Origin             Length             Attributes
flash            0x60400100         0x0011ff00         xr
ram              0x807f0000         0x00010000         xrw
*default*        0x00000000         0xffffffff

Linker script and memory map

LOAD lib/core_stub.o
LOAD components/ql-application/init/CMakeFiles/APPIMAGE_APP.dir/ql_init.c.obj
LOAD ../../components/newlib/newlib-3.1.0/armca5/libc.a
LOAD ../../components/newlib/newlib-3.1.0/armca5/libm.a
LOAD ../../prebuilts/win32/gcc-arm-none-eabi/gcc-arm-none-eabi-9.2.1/bin/../lib/gcc/arm-none-eabi/9.2.1/thumb/v7+fp/hard/libgcc.a
LOAD lib/libql_app_nw.a
LOAD lib/libql_app_peripheral.a
LOAD lib/libql_app_osi.a
LOAD lib/libql_app_dev.a
LOAD lib/libql_app_sim.a
LOAD lib/libql_app_power.a
LOAD lib/libapploader.a
LOAD lib/libql_app_usb.a
LOAD lib/libql_app_ftp.a
LOAD lib/libql_app_http.a
LOAD lib/libql_app_mqtt.a
LOAD lib/libql_app_ssl.a
LOAD lib/libql_app_ping.a
LOAD lib/libql_app_ntp.a
LOAD lib/libql_app_lbs.a
LOAD lib/libql_app_socket.a
LOAD lib/libql_app_audio.a
LOAD lib/libql_app_wifi_scan.a
LOAD lib/libql_app_hd_gnss.a
LOAD lib/libql_app_lcd.a
LOAD lib/libql_app_lvgl.a
LOAD lib/libql_app_camera.a
LOAD lib/libql_app_file.a
LOAD lib/libql_app_sms.a
LOAD lib/libql_app_voice_call.a
LOAD lib/libql_app_volte.a
LOAD lib/libql_app_spi.a
LOAD lib/libql_app_spi_nor_flash.a
LOAD lib/libql_app_spi6_ext_nor_flash.a
LOAD lib/libql_app_spi_nand_flash.a
LOAD lib/libql_app_decoder.a
LOAD ../../components/newlib/armca5/libql_api_decoder.a
LOAD ../../components/newlib/armca5/decoder_8910.a
LOAD ../../components/newlib/newlib-3.1.0/armca5/libm.a
LOAD lib/libql_app_img_at.a
LOAD lib/libql_app_rtc.a
LOAD lib/libql_ali_linkSDK.a
LOAD lib/libql_qcloud_iot.a
LOAD lib/libql_app_virt_at.a
LOAD lib/libql_app_http_fota.a
LOAD lib/libql_app_ftp_fota.a
LOAD lib/libql_app_i2c.a
LOAD lib/libql_app_mxml.a
LOAD lib/libql_app_ext_nor_flash.a
LOAD lib/libql_app_hilinksdk.a
LOAD lib/libql_app_hilinksdk.a
LOAD lib/ql_hilinksdk.a
START GROUP
LOAD ..\..\components\newlib\newlib-3.1.0\armca5\libc.a
LOAD ..\..\components\newlib\newlib-3.1.0\armca5\libm.a
LOAD ..\..\prebuilts\win32\gcc-arm-none-eabi\gcc-arm-none-eabi-9.2.1\lib\gcc\arm-none-eabi\9.2.1\thumb\v7+fp\hard\libgcc.a
LOAD ..\..\components\ql-application\HiLinkSDK\lib\tl8251\lib\debug\libhilinkbtsdk.a
LOAD ..\..\components\ql-application\HiLinkSDK\lib\WiFi\ota\debug\libhilinkota.a
LOAD ..\..\components\ql-application\HiLinkSDK\lib\WiFi\softap\debug\libhilinkdevicesdk.a
END GROUP
LOAD ../../components/newlib/newlib-3.1.0/armca5/libm.a
LOAD lib/libql_app_peripheral.a
LOAD lib/liblvgl.a
LOAD lib/libql_app_hilinksdk.a
LOAD ../../components/newlib/armca5/libql_newlib.a
LOAD ../../components/newlib/newlib-3.1.0/armca5/libc.a
LOAD ../../components/newlib/newlib-3.1.0/armca5/libm.a
LOAD ../../prebuilts/win32/gcc-arm-none-eabi/gcc-arm-none-eabi-9.2.1/bin/../lib/gcc/arm-none-eabi/9.2.1/thumb/v7+fp/hard/libgcc.a
                0x00000000                PROVIDE (appimg_get_param = 0x0)
                0x00000000                PROVIDE (appimg_set_param = 0x0)
                0x60400100                . = ORIGIN (flash)
                0x60400100                __flash_start = .

.imageheader    0x60400100       0x80
                0x60400100        0x4 LONG 0x41505032
                0x60400104        0x4 LONG 0x0
                0x60400108        0x4 LONG 0x0
 *(.rodata.core_stub.header)
 .rodata.core_stub.header
                0x6040010c       0x14 lib/core_stub.o
                0x6040010c                gAppImageCoreHeader
                0x60400120        0x4 LONG 0x2
                0x60400124        0x4 LONG 0x80 (__corestub_load_start - __flash_start)
                0x60400128        0x4 LONG 0x180 (__corestub_end - __corestub_start)
                0x6040012c        0x4 LONG 0x807f0000 __corestub_start
                0x60400130        0x4 LONG 0x4
                0x60400134        0x4 LONG 0x380 (__text_load_start - __flash_start)
                0x60400138        0x4 LONG 0x8538 (__text_end - __text_start)
                0x6040013c        0x4 LONG 0x60400480 __text_start
                0x60400140        0x4 LONG 0x4
                0x60400144        0x4 LONG 0x88e0 (__init_array_load_start - __flash_start)
                0x60400148        0x4 LONG 0x0 (__init_array_end - __init_array_start)
                0x6040014c        0x4 LONG 0x604089e0 __init_array_start
                0x60400150        0x4 LONG 0x1
                0x60400154        0x4 LONG 0x200 (__data_load_start - __flash_start)
                0x60400158        0x4 LONG 0x170 (__data_end - __data_start)
                0x6040015c        0x4 LONG 0x807f0180 __data_start
                0x60400160        0x4 LONG 0x3
                0x60400164        0x4 LONG 0x0
                0x60400168        0x4 LONG 0xf2c (__bss_end - __bss_start)
                0x6040016c        0x4 LONG 0x807f0300 __bss_start
                0x60400170        0x4 LONG 0x0
                0x60400174        0x4 LONG 0x0
                0x60400178        0x4 LONG 0x0
                0x6040017c        0x4 LONG 0x0
                0x00000001                ASSERT ((SIZEOF (.imageheader) == 0x80), invalid app image header)
                0x807f0000                . = ORIGIN (ram)
                0x807f0000                __ram_start = .

.corestub       0x807f0000      0x180 load address 0x60400180
                0x807f0000                __corestub_start = .
 *(.text.core_stub.*)
 .text.core_stub.__getreent
                0x807f0000        0x8 lib/core_stub.o
                0x807f0000                __getreent
 .text.core_stub.calloc
                0x807f0008        0x8 lib/core_stub.o
                0x807f0008                calloc
 .text.core_stub.free
                0x807f0010        0x8 lib/core_stub.o
                0x807f0010                free
 .text.core_stub.lwip_inet_ntop
                0x807f0018        0x8 lib/core_stub.o
                0x807f0018                lwip_inet_ntop
 .text.core_stub.malloc
                0x807f0020        0x8 lib/core_stub.o
                0x807f0020                malloc
 .text.core_stub.osiTracePrintf
                0x807f0028        0x8 lib/core_stub.o
                0x807f0028                osiTracePrintf
 .text.core_stub.ql_autosleep_enable
                0x807f0030        0x8 lib/core_stub.o
                0x807f0030                ql_autosleep_enable
 .text.core_stub.ql_bind_sim_and_profile
                0x807f0038        0x8 lib/core_stub.o
                0x807f0038                ql_bind_sim_and_profile
 .text.core_stub.ql_dev_cfg_wdt
                0x807f0040        0x8 lib/core_stub.o
                0x807f0040                ql_dev_cfg_wdt
 .text.core_stub.ql_event_try_wait
                0x807f0048        0x8 lib/core_stub.o
                0x807f0048                ql_event_try_wait
 .text.core_stub.ql_get_data_call_info
                0x807f0050        0x8 lib/core_stub.o
                0x807f0050                ql_get_data_call_info
 .text.core_stub.ql_gnss_callback_register_ex
                0x807f0058        0x8 lib/core_stub.o
                0x807f0058                ql_gnss_callback_register_ex
 .text.core_stub.ql_gnss_get_cfg
                0x807f0060        0x8 lib/core_stub.o
                0x807f0060                ql_gnss_get_cfg
 .text.core_stub.ql_gnss_nmea_get
                0x807f0068        0x8 lib/core_stub.o
                0x807f0068                ql_gnss_nmea_get
 .text.core_stub.ql_gnss_state_info_get
                0x807f0070        0x8 lib/core_stub.o
                0x807f0070                ql_gnss_state_info_get
 .text.core_stub.ql_gnss_switch
                0x807f0078        0x8 lib/core_stub.o
                0x807f0078                ql_gnss_switch
 .text.core_stub.ql_ledcfg_callback_register
                0x807f0080        0x8 lib/core_stub.o
                0x807f0080                ql_ledcfg_callback_register
 .text.core_stub.ql_lpm_wakelock_unlock
                0x807f0088        0x8 lib/core_stub.o
                0x807f0088                ql_lpm_wakelock_unlock
 .text.core_stub.ql_mqtt_client_deinit
                0x807f0090        0x8 lib/core_stub.o
                0x807f0090                ql_mqtt_client_deinit
 .text.core_stub.ql_mqtt_client_init
                0x807f0098        0x8 lib/core_stub.o
                0x807f0098                ql_mqtt_client_init
 .text.core_stub.ql_mqtt_connect
                0x807f00a0        0x8 lib/core_stub.o
                0x807f00a0                ql_mqtt_connect
 .text.core_stub.ql_mqtt_disconnect
                0x807f00a8        0x8 lib/core_stub.o
                0x807f00a8                ql_mqtt_disconnect
 .text.core_stub.ql_mqtt_publish
                0x807f00b0        0x8 lib/core_stub.o
                0x807f00b0                ql_mqtt_publish
 .text.core_stub.ql_mqtt_set_inpub_callback
                0x807f00b8        0x8 lib/core_stub.o
                0x807f00b8                ql_mqtt_set_inpub_callback
 .text.core_stub.ql_network_register_wait
                0x807f00c0        0x8 lib/core_stub.o
                0x807f00c0                ql_network_register_wait
 .text.core_stub.ql_pin_set_func
                0x807f00c8        0x8 lib/core_stub.o
                0x807f00c8                ql_pin_set_func
 .text.core_stub.ql_power_down
                0x807f00d0        0x8 lib/core_stub.o
                0x807f00d0                ql_power_down
 .text.core_stub.ql_power_reset
                0x807f00d8        0x8 lib/core_stub.o
                0x807f00d8                ql_power_reset
 .text.core_stub.ql_pwm_enable
                0x807f00e0        0x8 lib/core_stub.o
                0x807f00e0                ql_pwm_enable
 .text.core_stub.ql_pwm_open
                0x807f00e8        0x8 lib/core_stub.o
                0x807f00e8                ql_pwm_open
 .text.core_stub.ql_rtos_event_send
                0x807f00f0        0x8 lib/core_stub.o
                0x807f00f0                ql_rtos_event_send
 .text.core_stub.ql_rtos_get_system_tick
                0x807f00f8        0x8 lib/core_stub.o
                0x807f00f8                ql_rtos_get_system_tick
 .text.core_stub.ql_rtos_semaphore_create
                0x807f0100        0x8 lib/core_stub.o
                0x807f0100                ql_rtos_semaphore_create
 .text.core_stub.ql_rtos_semaphore_delete
                0x807f0108        0x8 lib/core_stub.o
                0x807f0108                ql_rtos_semaphore_delete
 .text.core_stub.ql_rtos_semaphore_release
                0x807f0110        0x8 lib/core_stub.o
                0x807f0110                ql_rtos_semaphore_release
 .text.core_stub.ql_rtos_semaphore_wait
                0x807f0118        0x8 lib/core_stub.o
                0x807f0118                ql_rtos_semaphore_wait
 .text.core_stub.ql_rtos_task_create
                0x807f0120        0x8 lib/core_stub.o
                0x807f0120                ql_rtos_task_create
 .text.core_stub.ql_rtos_task_delete
                0x807f0128        0x8 lib/core_stub.o
                0x807f0128                ql_rtos_task_delete
 .text.core_stub.ql_rtos_task_sleep_ms
                0x807f0130        0x8 lib/core_stub.o
                0x807f0130                ql_rtos_task_sleep_ms
 .text.core_stub.ql_rtos_task_sleep_s
                0x807f0138        0x8 lib/core_stub.o
                0x807f0138                ql_rtos_task_sleep_s
 .text.core_stub.ql_set_data_call_asyn_mode
                0x807f0140        0x8 lib/core_stub.o
                0x807f0140                ql_set_data_call_asyn_mode
 .text.core_stub.ql_sleep_register_cb
                0x807f0148        0x8 lib/core_stub.o
                0x807f0148                ql_sleep_register_cb
 .text.core_stub.ql_start_data_call
                0x807f0150        0x8 lib/core_stub.o
                0x807f0150                ql_start_data_call
 .text.core_stub.ql_stop_data_call
                0x807f0158        0x8 lib/core_stub.o
                0x807f0158                ql_stop_data_call
 .text.core_stub.ql_uart_write
                0x807f0160        0x8 lib/core_stub.o
                0x807f0160                ql_uart_write
 .text.core_stub.ql_usb_bind_hotplug_cb
                0x807f0168        0x8 lib/core_stub.o
                0x807f0168                ql_usb_bind_hotplug_cb
 .text.core_stub.ql_wakeup_register_cb
                0x807f0170        0x8 lib/core_stub.o
                0x807f0170                ql_wakeup_register_cb
 .text.core_stub.realloc
                0x807f0178        0x8 lib/core_stub.o
                0x807f0178                realloc
                0x807f0180                __corestub_end = .
                0x807f0180                . = ALIGN (0x20)
                0x60400180                __corestub_load_start = LOADADDR (.corestub)

.data           0x807f0180      0x180 load address 0x60400300
                0x807f0180                __data_start = .
 *(.data .data.* .gnu.linkonce.d.*)
 .data.hd_uart_channel
                0x807f0180        0x1 lib/libql_app_hd_gnss.a(hd_gnss_demo.c.obj)
                0x807f0180                hd_uart_channel
 .data.numempty
                0x807f0181        0x2 ..\..\components\newlib\newlib-3.1.0\armca5\libc.a(lib_a-lnumeric.o)
 *fill*         0x807f0183        0x1 
 .data.__global_locale
                0x807f0184      0x16c ..\..\components\newlib\newlib-3.1.0\armca5\libc.a(lib_a-locale.o)
                0x807f0184                __global_locale
                0x807f02f0                __data_end = .
                0x807f0300                . = ALIGN (0x20)
 *fill*         0x807f02f0       0x10 
                0x60400300                __data_load_start = LOADADDR (.data)

.igot.plt       0x60400480        0x0
 .igot.plt      0x60400480        0x0 lib/core_stub.o

.bss            0x807f0300      0xf40
                0x807f0300                __bss_start = .
 *(.bss .bss.* COMMON .scommon .sbss .sbss.* .sbss2 .sbss2.* .gnu.linkonce.b.*)
 .bss.ledcfg_task
                0x807f0300        0x4 lib/libql_app_peripheral.a(led_cfg_demo.c.obj)
                0x807f0300                ledcfg_task
 .bss.power_task
                0x807f0304        0x4 lib/libql_app_power.a(power_demo.c.obj)
                0x807f0304                power_task
 COMMON         0x807f0308        0x8 lib/libql_app_power.a(power_demo.c.obj)
                0x807f0308                wake_lock_1
                0x807f030c                wake_lock_2
 .bss.mqtt_connected
                0x807f0310        0x4 lib/libql_app_mqtt.a(mqtt_demo.c.obj)
 .bss.mqtt_semp
                0x807f0314        0x4 lib/libql_app_mqtt.a(mqtt_demo.c.obj)
 .bss.mqtt_task
                0x807f0318        0x4 lib/libql_app_mqtt.a(mqtt_demo.c.obj)
 *fill*         0x807f031c        0x4 
 COMMON         0x807f0320      0x360 lib/libql_app_mqtt.a(mqtt_demo.c.obj)
                0x807f0320                encodedCore
                0x807f0324                encodingString
                0x807f0358                nmeaData
 .bss.buffer.17289
                0x807f0680      0x800 lib/libql_app_hd_gnss.a(hd_gnss_demo.c.obj)
 .bss.g_gps_data
                0x807f0e80      0x328 lib/libql_app_hd_gnss.a(hd_gnss_demo.c.obj)
                0x807f0e80                g_gps_data
 .bss.gnss_device_info
                0x807f11a8       0x64 lib/libql_app_hd_gnss.a(hd_gnss_demo.c.obj)
                0x807f11a8                gnss_device_info
 .bss.gnss_task
                0x807f120c        0x4 lib/libql_app_hd_gnss.a(hd_gnss_demo.c.obj)
                0x807f120c                gnss_task
 .bss.max_cnr.17605
                0x807f1210        0x4 lib/libql_app_hd_gnss.a(hd_gnss_demo.c.obj)
 .bss.min_cnr.17606
                0x807f1214        0x4 lib/libql_app_hd_gnss.a(hd_gnss_demo.c.obj)
 .bss.prev_ms_gsv
                0x807f1218        0x4 lib/libql_app_hd_gnss.a(hd_gnss_demo.c.obj)
 .bss.snr_num.17604
                0x807f121c        0x4 lib/libql_app_hd_gnss.a(hd_gnss_demo.c.obj)
 .bss.tick_overflow
                0x807f1220        0x1 lib/libql_app_hd_gnss.a(hd_gnss_demo.c.obj)
 *fill*         0x807f1221        0x3 
 .bss.total_bytes.17288
                0x807f1224        0x4 lib/libql_app_hd_gnss.a(hd_gnss_demo.c.obj)
 .bss.total_cnr.17603
                0x807f1228        0x4 lib/libql_app_hd_gnss.a(hd_gnss_demo.c.obj)
                0x807f122c                __bss_end = .
                0x807f1240                . = ALIGN (0x20)
 *fill*         0x807f122c       0x14 
                0x60400480                . = ((LOADADDR (.corestub) + SIZEOF (.corestub)) + SIZEOF (.data))

.text           0x60400480     0x8540
                0x60400480                __text_start = .
 *(.text .text.* .gnu.linkonce.t.* .rdata .rodata .rodata.* .gnu.linkonce.r.* .glue_7 .glue_7t .vfp11_veneer .v4_bx)
 .glue_7        0x60400480        0x0 linker stubs
 .glue_7t       0x60400480        0x0 linker stubs
 .vfp11_veneer  0x60400480        0x0 linker stubs
 .v4_bx         0x60400480        0x0 linker stubs
 .rodata.ql_init_demo_thread.str1.1
                0x60400480       0x31 components/ql-application/init/CMakeFiles/APPIMAGE_APP.dir/ql_init.c.obj
 *fill*         0x604004b1        0x3 
 .text.ql_init_demo_thread
                0x604004b4       0x44 components/ql-application/init/CMakeFiles/APPIMAGE_APP.dir/ql_init.c.obj
 .rodata.appimg_enter.str1.1
                0x604004f8       0x62 components/ql-application/init/CMakeFiles/APPIMAGE_APP.dir/ql_init.c.obj
 *fill*         0x6040055a        0x2 
 .text.appimg_enter
                0x6040055c       0x94 components/ql-application/init/CMakeFiles/APPIMAGE_APP.dir/ql_init.c.obj
                0x6040055c                appimg_enter
 .rodata.appimg_exit.str1.1
                0x604005f0       0x1d components/ql-application/init/CMakeFiles/APPIMAGE_APP.dir/ql_init.c.obj
 *fill*         0x6040060d        0x3 
 .text.appimg_exit
                0x60400610       0x1c components/ql-application/init/CMakeFiles/APPIMAGE_APP.dir/ql_init.c.obj
                0x60400610                appimg_exit
 .rodata.__FUNCTION__.18375
                0x6040062c       0x14 components/ql-application/init/CMakeFiles/APPIMAGE_APP.dir/ql_init.c.obj
 .rodata.__FUNCTION__.18381
                0x60400640        0xd components/ql-application/init/CMakeFiles/APPIMAGE_APP.dir/ql_init.c.obj
 .rodata.__FUNCTION__.18385
                0x6040064d        0xc components/ql-application/init/CMakeFiles/APPIMAGE_APP.dir/ql_init.c.obj
 .rodata._ledcfg_demo_cb.str1.1
                0x60400659       0x6a lib/libql_app_peripheral.a(led_cfg_demo.c.obj)
 *fill*         0x604006c3        0x1 
 .text._ledcfg_demo_cb
                0x604006c4       0x58 lib/libql_app_peripheral.a(led_cfg_demo.c.obj)
 .text.ql_led_pwm_enable
                0x6040071c       0x36 lib/libql_app_peripheral.a(led_cfg_demo.c.obj)
                0x6040071c                ql_led_pwm_enable
 .rodata.ql_ledcfg_demo_thread.str1.1
                0x60400752      0x124 lib/libql_app_peripheral.a(led_cfg_demo.c.obj)
 *fill*         0x60400876        0x2 
 .text.ql_ledcfg_demo_thread
                0x60400878       0xe4 lib/libql_app_peripheral.a(led_cfg_demo.c.obj)
 .rodata.ql_ledcfg_app_init.str1.1
                0x6040095c       0x46 lib/libql_app_peripheral.a(led_cfg_demo.c.obj)
 *fill*         0x604009a2        0x2 
 .text.ql_ledcfg_app_init
                0x604009a4       0x50 lib/libql_app_peripheral.a(led_cfg_demo.c.obj)
                0x604009a4                ql_ledcfg_app_init
 .rodata.__FUNCTION__.8290
                0x604009f4       0x10 lib/libql_app_peripheral.a(led_cfg_demo.c.obj)
 .rodata.__FUNCTION__.8299
                0x60400a04       0x16 lib/libql_app_peripheral.a(led_cfg_demo.c.obj)
 .rodata.__FUNCTION__.8323
                0x60400a1a       0x13 lib/libql_app_peripheral.a(led_cfg_demo.c.obj)
 *fill*         0x60400a2d        0x1 
 .text.ql_enter_sleep_cb
                0x60400a2e        0x2 lib/libql_app_power.a(power_demo.c.obj)
                0x60400a2e                ql_enter_sleep_cb
 .rodata.ql_power_demo_thread.str1.1
                0x60400a30       0xbf lib/libql_app_power.a(power_demo.c.obj)
 *fill*         0x60400aef        0x1 
 .text.ql_power_demo_thread
                0x60400af0      0x10c lib/libql_app_power.a(power_demo.c.obj)
 .rodata.usb_hotplug_cb.str1.1
                0x60400bfc       0x38 lib/libql_app_power.a(power_demo.c.obj)
 .text.usb_hotplug_cb
                0x60400c34       0x2c lib/libql_app_power.a(power_demo.c.obj)
                0x60400c34                usb_hotplug_cb
 .text.ql_exit_sleep_cb
                0x60400c60        0x2 lib/libql_app_power.a(power_demo.c.obj)
                0x60400c60                ql_exit_sleep_cb
 .rodata.ql_power_app_init.str1.1
                0x60400c62       0x3b lib/libql_app_power.a(power_demo.c.obj)
 *fill*         0x60400c9d        0x3 
 .text.ql_power_app_init
                0x60400ca0       0x50 lib/libql_app_power.a(power_demo.c.obj)
                0x60400ca0                ql_power_app_init
 .rodata.__FUNCTION__.8535
                0x60400cf0        0xf lib/libql_app_power.a(power_demo.c.obj)
 .rodata.__FUNCTION__.8542
                0x60400cff       0x15 lib/libql_app_power.a(power_demo.c.obj)
 .rodata.__FUNCTION__.8560
                0x60400d14       0x12 lib/libql_app_power.a(power_demo.c.obj)
 .rodata.mqtt_inpub_data_cb.str1.1
                0x60400d26       0x32 lib/libql_app_mqtt.a(mqtt_demo.c.obj)
 .text.mqtt_inpub_data_cb
                0x60400d58       0x3c lib/libql_app_mqtt.a(mqtt_demo.c.obj)
 .rodata.mqtt_state_exception_cb.str1.1
                0x60400d94       0x2f lib/libql_app_mqtt.a(mqtt_demo.c.obj)
 *fill*         0x60400dc3        0x1 
 .text.mqtt_state_exception_cb
                0x60400dc4       0x28 lib/libql_app_mqtt.a(mqtt_demo.c.obj)
 .rodata.mqtt_disconnect_result_cb.str1.1
                0x60400dec       0x16 lib/libql_app_mqtt.a(mqtt_demo.c.obj)
 *fill*         0x60400e02        0x2 
 .text.mqtt_disconnect_result_cb
                0x60400e04       0x30 lib/libql_app_mqtt.a(mqtt_demo.c.obj)
 .text.mqtt_requst_result_cb
                0x60400e34       0x30 lib/libql_app_mqtt.a(mqtt_demo.c.obj)
 .rodata.mqtt_connect_result_cb.str1.1
                0x60400e64       0x19 lib/libql_app_mqtt.a(mqtt_demo.c.obj)
 *fill*         0x60400e7d        0x3 
 .text.mqtt_connect_result_cb
                0x60400e80       0x3c lib/libql_app_mqtt.a(mqtt_demo.c.obj)
 .rodata.base64Encoder.str1.1
                0x60400ebc       0x41 lib/libql_app_mqtt.a(mqtt_demo.c.obj)
 *fill*         0x60400efd        0x3 
 .text.base64Encoder
                0x60400f00       0xc0 lib/libql_app_mqtt.a(mqtt_demo.c.obj)
                0x60400f00                base64Encoder
 .rodata.mqtt_app_thread.str1.1
                0x60400fc0      0x4be lib/libql_app_mqtt.a(mqtt_demo.c.obj)
 *fill*         0x6040147e        0x2 
 .text.mqtt_app_thread
                0x60401480      0x4ac lib/libql_app_mqtt.a(mqtt_demo.c.obj)
 .rodata.ql_mqtt_app_init.str1.1
                0x6040192c       0x2c lib/libql_app_mqtt.a(mqtt_demo.c.obj)
 .text.ql_mqtt_app_init
                0x60401958       0x4c lib/libql_app_mqtt.a(mqtt_demo.c.obj)
                0x60401958                ql_mqtt_app_init
 .rodata.__FUNCTION__.21302
                0x604019a4       0x18 lib/libql_app_mqtt.a(mqtt_demo.c.obj)
 .rodata.__FUNCTION__.21308
                0x604019bc       0x17 lib/libql_app_mqtt.a(mqtt_demo.c.obj)
 .rodata.__FUNCTION__.21314
                0x604019d3       0x16 lib/libql_app_mqtt.a(mqtt_demo.c.obj)
 .rodata.__FUNCTION__.21323
                0x604019e9       0x13 lib/libql_app_mqtt.a(mqtt_demo.c.obj)
 .rodata.__FUNCTION__.21329
                0x604019fc       0x1a lib/libql_app_mqtt.a(mqtt_demo.c.obj)
 .rodata.__FUNCTION__.21376
                0x60401a16       0x10 lib/libql_app_mqtt.a(mqtt_demo.c.obj)
 .rodata.__FUNCTION__.21396
                0x60401a26       0x11 lib/libql_app_mqtt.a(mqtt_demo.c.obj)
 *fill*         0x60401a37        0x1 
 .text.conv_num
                0x60401a38       0x54 lib/libql_app_hd_gnss.a(hd_gnss_demo.c.obj)
 .rodata.ql_hd_gnss_notify_cb.str1.1
                0x60401a8c       0x64 lib/libql_app_hd_gnss.a(hd_gnss_demo.c.obj)
 .text.ql_hd_gnss_notify_cb
                0x60401af0       0x60 lib/libql_app_hd_gnss.a(hd_gnss_demo.c.obj)
                0x60401af0                ql_hd_gnss_notify_cb
 .text._split_string_by_comma.constprop.0
                0x60401b50       0x24 lib/libql_app_hd_gnss.a(hd_gnss_demo.c.obj)
 .rodata.ql_hd_gnss_app_init.str1.1
                0x60401b74       0x3f lib/libql_app_hd_gnss.a(hd_gnss_demo.c.obj)
 *fill*         0x60401bb3        0x1 
 .text.ql_hd_gnss_app_init
                0x60401bb4       0x50 lib/libql_app_hd_gnss.a(hd_gnss_demo.c.obj)
                0x60401bb4                ql_hd_gnss_app_init
 .rodata.ql_gnss_device_info_request.str1.1
                0x60401c04       0x59 lib/libql_app_hd_gnss.a(hd_gnss_demo.c.obj)
 *fill*         0x60401c5d        0x3 
 .text.ql_gnss_device_info_request
                0x60401c60       0x70 lib/libql_app_hd_gnss.a(hd_gnss_demo.c.obj)
                0x60401c60                ql_gnss_device_info_request
 .text.nmea_get_checksum
                0x60401cd0       0x18 lib/libql_app_hd_gnss.a(hd_gnss_demo.c.obj)
                0x60401cd0                nmea_get_checksum
 .text.nmea_has_checksum
                0x60401ce8       0x10 lib/libql_app_hd_gnss.a(hd_gnss_demo.c.obj)
                0x60401ce8                nmea_has_checksum
 .rodata.nmea_validate.str1.1
                0x60401cf8       0x12 lib/libql_app_hd_gnss.a(hd_gnss_demo.c.obj)
 *fill*         0x60401d0a        0x2 
 .text.nmea_validate
                0x60401d0c       0xac lib/libql_app_hd_gnss.a(hd_gnss_demo.c.obj)
                0x60401d0c                nmea_validate
 .rodata.nmea_get_type.str1.1
                0x60401db8       0x14 lib/libql_app_hd_gnss.a(hd_gnss_demo.c.obj)
 .text.nmea_get_type
                0x60401dcc       0x6c lib/libql_app_hd_gnss.a(hd_gnss_demo.c.obj)
                0x60401dcc                nmea_get_type
 .text.nmea_position_parse
                0x60401e38       0x42 lib/libql_app_hd_gnss.a(hd_gnss_demo.c.obj)
                0x60401e38                nmea_position_parse
 *fill*         0x60401e7a        0x2 
 .text.nmea_cardinal_direction_parse
                0x60401e7c       0x1c lib/libql_app_hd_gnss.a(hd_gnss_demo.c.obj)
                0x60401e7c                nmea_cardinal_direction_parse
 .text.nmea_validate_parse
                0x60401e98        0xe lib/libql_app_hd_gnss.a(hd_gnss_demo.c.obj)
                0x60401e98                nmea_validate_parse
 .rodata.nmea_parse_gsv.str1.1
                0x60401ea6       0x2a lib/libql_app_hd_gnss.a(hd_gnss_demo.c.obj)
 .text.nmea_parse_gsv
                0x60401ed0      0x144 lib/libql_app_hd_gnss.a(hd_gnss_demo.c.obj)
                0x60401ed0                nmea_parse_gsv
 .rodata.nmea_parse_gga.str1.1
                0x60402014       0x2e lib/libql_app_hd_gnss.a(hd_gnss_demo.c.obj)
 *fill*         0x60402042        0x2 
 .text.nmea_parse_gga
                0x60402044       0xe8 lib/libql_app_hd_gnss.a(hd_gnss_demo.c.obj)
                0x60402044                nmea_parse_gga
 .rodata.nmea_parse_gsa.str1.1
                0x6040212c       0x2e lib/libql_app_hd_gnss.a(hd_gnss_demo.c.obj)
 *fill*         0x6040215a        0x2 
 .text.nmea_parse_gsa
                0x6040215c       0xc4 lib/libql_app_hd_gnss.a(hd_gnss_demo.c.obj)
                0x6040215c                nmea_parse_gsa
 .rodata.nmea_satellite_check.str1.1
                0x60402220       0x12 lib/libql_app_hd_gnss.a(hd_gnss_demo.c.obj)
                                 0x15 (size before relaxing)
 *fill*         0x60402232        0x2 
 .text.nmea_satellite_check
                0x60402234       0x8c lib/libql_app_hd_gnss.a(hd_gnss_demo.c.obj)
                0x60402234                nmea_satellite_check
 .rodata.strptime.str1.1
                0x604022c0       0x30 lib/libql_app_hd_gnss.a(hd_gnss_demo.c.obj)
 .text.strptime
                0x604022f0      0x408 lib/libql_app_hd_gnss.a(hd_gnss_demo.c.obj)
                0x604022f0                strptime
 .rodata.nmea_time_parse.str1.1
                0x604026f8        0x7 lib/libql_app_hd_gnss.a(hd_gnss_demo.c.obj)
 *fill*         0x604026ff        0x1 
 .text.nmea_time_parse
                0x60402700       0x30 lib/libql_app_hd_gnss.a(hd_gnss_demo.c.obj)
                0x60402700                nmea_time_parse
 .rodata.nmea_date_parse.str1.1
                0x60402730        0x7 lib/libql_app_hd_gnss.a(hd_gnss_demo.c.obj)
 *fill*         0x60402737        0x1 
 .text.nmea_date_parse
                0x60402738       0x30 lib/libql_app_hd_gnss.a(hd_gnss_demo.c.obj)
                0x60402738                nmea_date_parse
 .rodata.nmea_parse_rmc.str1.1
                0x60402768       0xe4 lib/libql_app_hd_gnss.a(hd_gnss_demo.c.obj)
 .text.nmea_parse_rmc
                0x6040284c      0x140 lib/libql_app_hd_gnss.a(hd_gnss_demo.c.obj)
                0x6040284c                nmea_parse_rmc
 .rodata.nmea_value_update.str1.1
                0x6040298c       0x4d lib/libql_app_hd_gnss.a(hd_gnss_demo.c.obj)
 *fill*         0x604029d9        0x7 
 .text.nmea_value_update
                0x604029e0      0x260 lib/libql_app_hd_gnss.a(hd_gnss_demo.c.obj)
                0x604029e0                nmea_value_update
 .rodata.nmea_parse.str1.1
                0x60402c40      0x119 lib/libql_app_hd_gnss.a(hd_gnss_demo.c.obj)
 *fill*         0x60402d59        0x3 
 .text.nmea_parse
                0x60402d5c      0x110 lib/libql_app_hd_gnss.a(hd_gnss_demo.c.obj)
                0x60402d5c                nmea_parse
 .rodata.ql_hd_gnss_demo_thread.str1.1
                0x60402e6c      0x1e0 lib/libql_app_hd_gnss.a(hd_gnss_demo.c.obj)
 .text.ql_hd_gnss_demo_thread
                0x6040304c      0x2e0 lib/libql_app_hd_gnss.a(hd_gnss_demo.c.obj)
 .text.ql_get_gnss_info
                0x6040332c       0x1c lib/libql_app_hd_gnss.a(hd_gnss_demo.c.obj)
                0x6040332c                ql_get_gnss_info
 .rodata.str1.1
                0x60403348       0xd7 lib/libql_app_hd_gnss.a(hd_gnss_demo.c.obj)
 .rodata        0x6040341f       0x11 lib/libql_app_hd_gnss.a(hd_gnss_demo.c.obj)
 .rodata.CSWTCH.124
                0x60403430       0x13 lib/libql_app_hd_gnss.a(hd_gnss_demo.c.obj)
 .rodata.__FUNCTION__.17281
                0x60403443       0x15 lib/libql_app_hd_gnss.a(hd_gnss_demo.c.obj)
 .rodata.__FUNCTION__.17285
                0x60403458       0x17 lib/libql_app_hd_gnss.a(hd_gnss_demo.c.obj)
 .rodata.__FUNCTION__.17313
                0x6040346f       0x14 lib/libql_app_hd_gnss.a(hd_gnss_demo.c.obj)
 .rodata.__FUNCTION__.17327
                0x60403483       0x1c lib/libql_app_hd_gnss.a(hd_gnss_demo.c.obj)
 .rodata.__FUNCTION__.17351
                0x6040349f        0xe lib/libql_app_hd_gnss.a(hd_gnss_demo.c.obj)
 .rodata.__FUNCTION__.17411
                0x604034ad        0xf lib/libql_app_hd_gnss.a(hd_gnss_demo.c.obj)
 .rodata.__FUNCTION__.17437
                0x604034bc        0xf lib/libql_app_hd_gnss.a(hd_gnss_demo.c.obj)
 .rodata.__FUNCTION__.17473
                0x604034cb        0xf lib/libql_app_hd_gnss.a(hd_gnss_demo.c.obj)
 .rodata.__FUNCTION__.17499
                0x604034da        0xf lib/libql_app_hd_gnss.a(hd_gnss_demo.c.obj)
 .rodata.__FUNCTION__.17598
                0x604034e9       0x12 lib/libql_app_hd_gnss.a(hd_gnss_demo.c.obj)
 .rodata.__FUNCTION__.17623
                0x604034fb        0xb lib/libql_app_hd_gnss.a(hd_gnss_demo.c.obj)
 *fill*         0x60403506        0x2 
 .rodata.abday  0x60403508       0x1c lib/libql_app_hd_gnss.a(hd_gnss_demo.c.obj)
 .rodata.abmon  0x60403524       0x30 lib/libql_app_hd_gnss.a(hd_gnss_demo.c.obj)
 .rodata.day    0x60403554       0x1c lib/libql_app_hd_gnss.a(hd_gnss_demo.c.obj)
 .rodata.mon    0x60403570       0x30 lib/libql_app_hd_gnss.a(hd_gnss_demo.c.obj)
 .text.atof     0x604035a0        0x6 ..\..\components\newlib\newlib-3.1.0\armca5\libc.a(lib_a-atof.o)
                0x604035a0                atof
 .text.atoi     0x604035a6        0x8 ..\..\components\newlib\newlib-3.1.0\armca5\libc.a(lib_a-atoi.o)
                0x604035a6                atoi
 *fill*         0x604035ae        0x2 
 .text          0x604035b0       0xe8 ..\..\components\newlib\newlib-3.1.0\armca5\libc.a(lib_a-memchr.o)
                0x604035b0                memchr
 .text.memcpy   0x60403698       0xc8 ..\..\components\newlib\newlib-3.1.0\armca5\libc.a(lib_a-memcpy-stub.o)
                0x60403698                memcpy
 .text.memmove  0x60403760       0xd4 ..\..\components\newlib\newlib-3.1.0\armca5\libc.a(lib_a-memmove.o)
                0x60403760                memmove
 .text.memset   0x60403834       0xa8 ..\..\components\newlib\newlib-3.1.0\armca5\libc.a(lib_a-memset.o)
                0x60403834                memset
 .text.snprintf
                0x604038dc       0x66 ..\..\components\newlib\newlib-3.1.0\armca5\libc.a(lib_a-snprintf.o)
                0x604038dc                snprintf
 *fill*         0x60403942        0x2 
 .text.strchr   0x60403944       0xd0 ..\..\components\newlib\newlib-3.1.0\armca5\libc.a(lib_a-strchr.o)
                0x60403944                strchr
 *fill*         0x60403a14        0xc 
 .text          0x60403a20      0x2dc ..\..\components\newlib\newlib-3.1.0\armca5\libc.a(lib_a-strcmp.o)
                0x60403a28                strcmp
 *fill*         0x60403cfc        0x4 
 .text          0x60403d00       0xdc ..\..\components\newlib\newlib-3.1.0\armca5\libc.a(lib_a-strlen.o)
                0x60403d00                strlen
 .text.strncmp  0x60403ddc       0x84 ..\..\components\newlib\newlib-3.1.0\armca5\libc.a(lib_a-strncmp.o)
                0x60403ddc                strncmp
 .text.sulp     0x60403e60       0x34 ..\..\components\newlib\newlib-3.1.0\armca5\libc.a(lib_a-strtod.o)
 .rodata._strtod_l.str1.1
                0x60403e94       0xd7 ..\..\components\newlib\newlib-3.1.0\armca5\libc.a(lib_a-strtod.o)
                                  0xd (size before relaxing)
 *fill*         0x60403e94        0x4 
 .text._strtod_l
                0x60403e98      0xb8c ..\..\components\newlib\newlib-3.1.0\armca5\libc.a(lib_a-strtod.o)
                0x60403e98                _strtod_l
 .text.strtod   0x60404a24       0x1c ..\..\components\newlib\newlib-3.1.0\armca5\libc.a(lib_a-strtod.o)
                0x60404a24                strtod
 .rodata.fpi.7544
                0x60404a40       0x14 ..\..\components\newlib\newlib-3.1.0\armca5\libc.a(lib_a-strtod.o)
 .rodata.fpinan.7580
                0x60404a54       0x14 ..\..\components\newlib\newlib-3.1.0\armca5\libc.a(lib_a-strtod.o)
 .rodata.tinytens
                0x60404a68       0x28 ..\..\components\newlib\newlib-3.1.0\armca5\libc.a(lib_a-strtod.o)
 .text._strtol_l.isra.0
                0x60404a90       0xec ..\..\components\newlib\newlib-3.1.0\armca5\libc.a(lib_a-strtol.o)
 .text.strtol   0x60404b7c       0x1a ..\..\components\newlib\newlib-3.1.0\armca5\libc.a(lib_a-strtol.o)
                0x60404b7c                strtol
 .rodata._svfprintf_r.str1.1
                0x60404b96       0x3b ..\..\components\newlib\newlib-3.1.0\armca5\libc.a(lib_a-svfprintf.o)
 *fill*         0x60404bd1        0x7 
 .text._svfprintf_r
                0x60404bd8     0x1314 ..\..\components\newlib\newlib-3.1.0\armca5\libc.a(lib_a-svfprintf.o)
                0x60404bd8                _svfprintf_r
 .rodata.blanks.8611
                0x60405eec       0x10 ..\..\components\newlib\newlib-3.1.0\armca5\libc.a(lib_a-svfprintf.o)
 .rodata.zeroes.8612
                0x60405efc       0x10 ..\..\components\newlib\newlib-3.1.0\armca5\libc.a(lib_a-svfprintf.o)
 .rodata._ctype_
                0x60405f0c      0x101 ..\..\components\newlib\newlib-3.1.0\armca5\libc.a(lib_a-ctype_.o)
                0x60405f0c                _ctype_
 *fill*         0x6040600d        0x1 
 .text.quorem   0x6040600e      0x126 ..\..\components\newlib\newlib-3.1.0\armca5\libc.a(lib_a-dtoa.o)
 .rodata._dtoa_r.str1.1
                0x60406134        0xd ..\..\components\newlib\newlib-3.1.0\armca5\libc.a(lib_a-dtoa.o)
                                  0xf (size before relaxing)
 *fill*         0x60406141        0x7 
 .text._dtoa_r  0x60406148      0xa50 ..\..\components\newlib\newlib-3.1.0\armca5\libc.a(lib_a-dtoa.o)
                0x60406148                _dtoa_r
 .text.rshift   0x60406b98       0xa6 ..\..\components\newlib\newlib-3.1.0\armca5\libc.a(lib_a-gdtoa-gethex.o)
 .text.__hexdig_fun
                0x60406c3e       0x2a ..\..\components\newlib\newlib-3.1.0\armca5\libc.a(lib_a-gdtoa-gethex.o)
                0x60406c3e                __hexdig_fun
 .text.__gethex
                0x60406c68      0x454 ..\..\components\newlib\newlib-3.1.0\armca5\libc.a(lib_a-gdtoa-gethex.o)
                0x60406c68                __gethex
 .text.L_shift  0x604070bc       0x24 ..\..\components\newlib\newlib-3.1.0\armca5\libc.a(lib_a-gdtoa-hexnan.o)
 .text.__match  0x604070e0       0x28 ..\..\components\newlib\newlib-3.1.0\armca5\libc.a(lib_a-gdtoa-hexnan.o)
                0x604070e0                __match
 .text.__hexnan
                0x60407108      0x138 ..\..\components\newlib\newlib-3.1.0\armca5\libc.a(lib_a-gdtoa-hexnan.o)
                0x60407108                __hexnan
 .rodata.str1.1
                0x60407240        0x2 ..\..\components\newlib\newlib-3.1.0\armca5\libc.a(lib_a-lnumeric.o)
                                  0x3 (size before relaxing)
 *fill*         0x60407242        0x2 
 .rodata._C_numeric_locale
                0x60407244        0xc ..\..\components\newlib\newlib-3.1.0\armca5\libc.a(lib_a-lnumeric.o)
                0x60407244                _C_numeric_locale
 .text._localeconv_r
                0x60407250        0x8 ..\..\components\newlib\newlib-3.1.0\armca5\libc.a(lib_a-localeconv.o)
                0x60407250                _localeconv_r
 .rodata._setlocale_r.str1.1
                0x60407258        0x6 ..\..\components\newlib\newlib-3.1.0\armca5\libc.a(lib_a-locale.o)
                                  0x9 (size before relaxing)
 .rodata.str1.1
                0x6040725e        0x2 ..\..\components\newlib\newlib-3.1.0\armca5\libc.a(lib_a-locale.o)
 .text.__ascii_mbtowc
                0x6040725e       0x24 ..\..\components\newlib\newlib-3.1.0\armca5\libc.a(lib_a-mbtowc_r.o)
                0x6040725e                __ascii_mbtowc
 .text._Balloc  0x60407282       0x48 ..\..\components\newlib\newlib-3.1.0\armca5\libc.a(lib_a-mprec.o)
                0x60407282                _Balloc
 .text._Bfree   0x604072ca       0x12 ..\..\components\newlib\newlib-3.1.0\armca5\libc.a(lib_a-mprec.o)
                0x604072ca                _Bfree
 .text.__multadd
                0x604072dc       0x7c ..\..\components\newlib\newlib-3.1.0\armca5\libc.a(lib_a-mprec.o)
                0x604072dc                __multadd
 .text.__s2b    0x60407358       0x88 ..\..\components\newlib\newlib-3.1.0\armca5\libc.a(lib_a-mprec.o)
                0x60407358                __s2b
 .text.__hi0bits
                0x604073e0       0x40 ..\..\components\newlib\newlib-3.1.0\armca5\libc.a(lib_a-mprec.o)
                0x604073e0                __hi0bits
 .text.__lo0bits
                0x60407420       0x5c ..\..\components\newlib\newlib-3.1.0\armca5\libc.a(lib_a-mprec.o)
                0x60407420                __lo0bits
 .text.__i2b    0x6040747c       0x12 ..\..\components\newlib\newlib-3.1.0\armca5\libc.a(lib_a-mprec.o)
                0x6040747c                __i2b
 .text.__multiply
                0x6040748e      0x136 ..\..\components\newlib\newlib-3.1.0\armca5\libc.a(lib_a-mprec.o)
                0x6040748e                __multiply
 .text.__pow5mult
                0x604075c4       0x80 ..\..\components\newlib\newlib-3.1.0\armca5\libc.a(lib_a-mprec.o)
                0x604075c4                __pow5mult
 .text.__lshift
                0x60407644       0xbe ..\..\components\newlib\newlib-3.1.0\armca5\libc.a(lib_a-mprec.o)
                0x60407644                __lshift
 .text.__mcmp   0x60407702       0x36 ..\..\components\newlib\newlib-3.1.0\armca5\libc.a(lib_a-mprec.o)
                0x60407702                __mcmp
 .text.__mdiff  0x60407738       0xec ..\..\components\newlib\newlib-3.1.0\armca5\libc.a(lib_a-mprec.o)
                0x60407738                __mdiff
 .text.__ulp    0x60407824       0x58 ..\..\components\newlib\newlib-3.1.0\armca5\libc.a(lib_a-mprec.o)
                0x60407824                __ulp
 .text.__b2d    0x6040787c       0xa0 ..\..\components\newlib\newlib-3.1.0\armca5\libc.a(lib_a-mprec.o)
                0x6040787c                __b2d
 .text.__d2b    0x6040791c       0xa4 ..\..\components\newlib\newlib-3.1.0\armca5\libc.a(lib_a-mprec.o)
                0x6040791c                __d2b
 .text.__ratio  0x604079c0       0x64 ..\..\components\newlib\newlib-3.1.0\armca5\libc.a(lib_a-mprec.o)
                0x604079c0                __ratio
 .text.__copybits
                0x60407a24       0x46 ..\..\components\newlib\newlib-3.1.0\armca5\libc.a(lib_a-mprec.o)
                0x60407a24                __copybits
 .text.__any_on
                0x60407a6a       0x42 ..\..\components\newlib\newlib-3.1.0\armca5\libc.a(lib_a-mprec.o)
                0x60407a6a                __any_on
 *fill*         0x60407aac        0x4 
 .rodata.__mprec_bigtens
                0x60407ab0       0x28 ..\..\components\newlib\newlib-3.1.0\armca5\libc.a(lib_a-mprec.o)
                0x60407ab0                __mprec_bigtens
 .rodata.__mprec_tens
                0x60407ad8       0xc8 ..\..\components\newlib\newlib-3.1.0\armca5\libc.a(lib_a-mprec.o)
                0x60407ad8                __mprec_tens
 .rodata.p05.7384
                0x60407ba0        0xc ..\..\components\newlib\newlib-3.1.0\armca5\libc.a(lib_a-mprec.o)
 *fill*         0x60407bac        0x4 
 .text.frexp    0x60407bb0       0x70 ..\..\components\newlib\newlib-3.1.0\armca5\libc.a(lib_a-s_frexp.o)
                0x60407bb0                frexp
 .text.nan      0x60407c20       0x10 ..\..\components\newlib\newlib-3.1.0\armca5\libc.a(lib_a-s_nan.o)
                0x60407c20                nan
 .text.strncpy  0x60407c30       0x74 ..\..\components\newlib\newlib-3.1.0\armca5\libc.a(lib_a-strncpy.o)
                0x60407c30                strncpy
 .text.__ssprint_r
                0x60407ca4       0xea ..\..\components\newlib\newlib-3.1.0\armca5\libc.a(lib_a-svfiprintf.o)
                0x60407ca4                __ssprint_r
 .text.__ascii_wctomb
                0x60407d8e       0x1a ..\..\components\newlib\newlib-3.1.0\armca5\libc.a(lib_a-wctomb_r.o)
                0x60407d8e                __ascii_wctomb
 .text          0x60407da8      0x278 ..\..\prebuilts\win32\gcc-arm-none-eabi\gcc-arm-none-eabi-9.2.1\lib\gcc\arm-none-eabi\9.2.1\thumb\v7+fp\hard\libgcc.a(_udivsi3.o)
                0x60407da8                __aeabi_uidiv
                0x60407da8                __udivsi3
                0x60408004                __aeabi_uidivmod
 .text          0x60408020      0x2b0 ..\..\prebuilts\win32\gcc-arm-none-eabi\gcc-arm-none-eabi-9.2.1\lib\gcc\arm-none-eabi\9.2.1\thumb\v7+fp\hard\libgcc.a(_divsi3.o)
                0x60408020                __divsi3
                0x60408020                __aeabi_idiv
                0x604082b4                __aeabi_idivmod
 .text          0x604082d0        0x4 ..\..\prebuilts\win32\gcc-arm-none-eabi\gcc-arm-none-eabi-9.2.1\lib\gcc\arm-none-eabi\9.2.1\thumb\v7+fp\hard\libgcc.a(_dvmd_tls.o)
                0x604082d0                __aeabi_idiv0
                0x604082d0                __aeabi_ldiv0
 .text          0x604082d4      0x378 ..\..\prebuilts\win32\gcc-arm-none-eabi\gcc-arm-none-eabi-9.2.1\lib\gcc\arm-none-eabi\9.2.1\thumb\v7+fp\hard\libgcc.a(_arm_addsubdf3.o)
                0x604082d4                __aeabi_drsub
                0x604082dc                __aeabi_dsub
                0x604082dc                __subdf3
                0x604082e0                __aeabi_dadd
                0x604082e0                __adddf3
                0x60408558                __floatunsidf
                0x60408558                __aeabi_ui2d
                0x60408578                __floatsidf
                0x60408578                __aeabi_i2d
                0x6040859c                __aeabi_f2d
                0x6040859c                __extendsfdf2
                0x604085e0                __floatundidf
                0x604085e0                __aeabi_ul2d
                0x604085f0                __floatdidf
                0x604085f0                __aeabi_l2d
 .text          0x6040864c       0x30 ..\..\prebuilts\win32\gcc-arm-none-eabi\gcc-arm-none-eabi-9.2.1\lib\gcc\arm-none-eabi\9.2.1\thumb\v7+fp\hard\libgcc.a(_aeabi_uldivmod.o)
                0x6040864c                __aeabi_uldivmod
 .text          0x6040867c       0x30 ..\..\prebuilts\win32\gcc-arm-none-eabi\gcc-arm-none-eabi-9.2.1\lib\gcc\arm-none-eabi\9.2.1\thumb\v7+fp\hard\libgcc.a(_fixdfdi.o)
                0x6040867c                __fixdfdi
                0x6040867c                __aeabi_d2lz
 *fill*         0x604086ac        0x4 
 .text          0x604086b0       0x40 ..\..\prebuilts\win32\gcc-arm-none-eabi\gcc-arm-none-eabi-9.2.1\lib\gcc\arm-none-eabi\9.2.1\thumb\v7+fp\hard\libgcc.a(_fixunsdfdi.o)
                0x604086b0                __fixunsdfdi
                0x604086b0                __aeabi_d2ulz
 .text          0x604086f0      0x11c ..\..\prebuilts\win32\gcc-arm-none-eabi\gcc-arm-none-eabi-9.2.1\lib\gcc\arm-none-eabi\9.2.1\thumb\v7+fp\hard\libgcc.a(_udivmoddi4.o)
                0x604086f0                __udivmoddi4
 *fill*         0x6040880c        0x4 
 .text.__stub   0x60408810      0x1a8 linker stubs
                0x604089b8                __text_end = .
                0x604089c0                . = ALIGN (0x20)
 *fill*         0x604089b8        0x8 
                0x60400480                __text_load_start = LOADADDR (.text)

.iplt           0x604089c0        0x0
 .iplt          0x604089c0        0x0 lib/core_stub.o

.rel.dyn        0x604089c0        0x0
 .rel.iplt      0x604089c0        0x0 lib/core_stub.o

.ARM.exidx      0x604089c0        0x8
 .ARM.exidx     0x604089c0        0x8 ..\..\prebuilts\win32\gcc-arm-none-eabi\gcc-arm-none-eabi-9.2.1\lib\gcc\arm-none-eabi\9.2.1\thumb\v7+fp\hard\libgcc.a(_udivmoddi4.o)

.init_array     0x604089e0        0x0
                0x604089e0                __init_array_start = .
 *(.init_array*)
                0x604089e0                __init_array_end = .
                0x604089e0                . = ALIGN (0x20)
                0x604089e0                __init_array_load_start = LOADADDR (.init_array)
                0x604089e0                __flash_end = (ADDR (.init_array) + SIZEOF (.init_array))
                0x807f1240                __ram_end = (ADDR (.bss) + SIZEOF (.bss))
                0x00000001                ASSERT ((__flash_end <= (ORIGIN (flash) + LENGTH (flash))), FLASH overflow)
                0x00000001                ASSERT ((__ram_end <= (ORIGIN (ram) + LENGTH (ram))), RAM overflow)

.comment        0x00000000       0x79
 *(.comment)
 .comment       0x00000000       0x79 components/ql-application/init/CMakeFiles/APPIMAGE_APP.dir/ql_init.c.obj
                                 0x7a (size before relaxing)
 .comment       0x00000079       0x7a lib/libql_app_peripheral.a(led_cfg_demo.c.obj)
 .comment       0x00000079       0x7a lib/libql_app_power.a(power_demo.c.obj)
 .comment       0x00000079       0x7a lib/libql_app_mqtt.a(mqtt_demo.c.obj)
 .comment       0x00000079       0x7a lib/libql_app_hd_gnss.a(hd_gnss_demo.c.obj)
 .comment       0x00000079       0x7a ..\..\components\newlib\newlib-3.1.0\armca5\libc.a(lib_a-atof.o)
 .comment       0x00000079       0x7a ..\..\components\newlib\newlib-3.1.0\armca5\libc.a(lib_a-atoi.o)
 .comment       0x00000079       0x7a ..\..\components\newlib\newlib-3.1.0\armca5\libc.a(lib_a-memcpy-stub.o)
 .comment       0x00000079       0x7a ..\..\components\newlib\newlib-3.1.0\armca5\libc.a(lib_a-memmove.o)
 .comment       0x00000079       0x7a ..\..\components\newlib\newlib-3.1.0\armca5\libc.a(lib_a-memset.o)
 .comment       0x00000079       0x7a ..\..\components\newlib\newlib-3.1.0\armca5\libc.a(lib_a-snprintf.o)
 .comment       0x00000079       0x7a ..\..\components\newlib\newlib-3.1.0\armca5\libc.a(lib_a-strchr.o)
 .comment       0x00000079       0x7a ..\..\components\newlib\newlib-3.1.0\armca5\libc.a(lib_a-strncmp.o)
 .comment       0x00000079       0x7a ..\..\components\newlib\newlib-3.1.0\armca5\libc.a(lib_a-strtod.o)
 .comment       0x00000079       0x7a ..\..\components\newlib\newlib-3.1.0\armca5\libc.a(lib_a-strtol.o)
 .comment       0x00000079       0x7a ..\..\components\newlib\newlib-3.1.0\armca5\libc.a(lib_a-svfprintf.o)
 .comment       0x00000079       0x7a ..\..\components\newlib\newlib-3.1.0\armca5\libc.a(lib_a-ctype_.o)
 .comment       0x00000079       0x7a ..\..\components\newlib\newlib-3.1.0\armca5\libc.a(lib_a-dtoa.o)
 .comment       0x00000079       0x7a ..\..\components\newlib\newlib-3.1.0\armca5\libc.a(lib_a-gdtoa-gethex.o)
 .comment       0x00000079       0x7a ..\..\components\newlib\newlib-3.1.0\armca5\libc.a(lib_a-gdtoa-hexnan.o)
 .comment       0x00000079       0x7a ..\..\components\newlib\newlib-3.1.0\armca5\libc.a(lib_a-lnumeric.o)
 .comment       0x00000079       0x7a ..\..\components\newlib\newlib-3.1.0\armca5\libc.a(lib_a-localeconv.o)
 .comment       0x00000079       0x7a ..\..\components\newlib\newlib-3.1.0\armca5\libc.a(lib_a-locale.o)
 .comment       0x00000079       0x7a ..\..\components\newlib\newlib-3.1.0\armca5\libc.a(lib_a-mbtowc_r.o)
 .comment       0x00000079       0x7a ..\..\components\newlib\newlib-3.1.0\armca5\libc.a(lib_a-mprec.o)
 .comment       0x00000079       0x7a ..\..\components\newlib\newlib-3.1.0\armca5\libc.a(lib_a-s_frexp.o)
 .comment       0x00000079       0x7a ..\..\components\newlib\newlib-3.1.0\armca5\libc.a(lib_a-s_nan.o)
 .comment       0x00000079       0x7a ..\..\components\newlib\newlib-3.1.0\armca5\libc.a(lib_a-strncpy.o)
 .comment       0x00000079       0x7a ..\..\components\newlib\newlib-3.1.0\armca5\libc.a(lib_a-svfiprintf.o)
 .comment       0x00000079       0x7a ..\..\components\newlib\newlib-3.1.0\armca5\libc.a(lib_a-wctomb_r.o)

.ARM.attributes
                0x00000000       0x35
 .ARM.attributes
                0x00000000       0x25 lib/core_stub.o
 .ARM.attributes
                0x00000025       0x37 components/ql-application/init/CMakeFiles/APPIMAGE_APP.dir/ql_init.c.obj
 .ARM.attributes
                0x0000005c       0x37 lib/libql_app_peripheral.a(led_cfg_demo.c.obj)
 .ARM.attributes
                0x00000093       0x37 lib/libql_app_power.a(power_demo.c.obj)
 .ARM.attributes
                0x000000ca       0x37 lib/libql_app_mqtt.a(mqtt_demo.c.obj)
 .ARM.attributes
                0x00000101       0x37 lib/libql_app_hd_gnss.a(hd_gnss_demo.c.obj)
 .ARM.attributes
                0x00000138       0x37 ..\..\components\newlib\newlib-3.1.0\armca5\libc.a(lib_a-atof.o)
 .ARM.attributes
                0x0000016f       0x37 ..\..\components\newlib\newlib-3.1.0\armca5\libc.a(lib_a-atoi.o)
 .ARM.attributes
                0x000001a6       0x21 ..\..\components\newlib\newlib-3.1.0\armca5\libc.a(lib_a-memchr.o)
 .ARM.attributes
                0x000001c7       0x37 ..\..\components\newlib\newlib-3.1.0\armca5\libc.a(lib_a-memcpy-stub.o)
 .ARM.attributes
                0x000001fe       0x37 ..\..\components\newlib\newlib-3.1.0\armca5\libc.a(lib_a-memmove.o)
 .ARM.attributes
                0x00000235       0x37 ..\..\components\newlib\newlib-3.1.0\armca5\libc.a(lib_a-memset.o)
 .ARM.attributes
                0x0000026c       0x37 ..\..\components\newlib\newlib-3.1.0\armca5\libc.a(lib_a-snprintf.o)
 .ARM.attributes
                0x000002a3       0x37 ..\..\components\newlib\newlib-3.1.0\armca5\libc.a(lib_a-strchr.o)
 .ARM.attributes
                0x000002da       0x25 ..\..\components\newlib\newlib-3.1.0\armca5\libc.a(lib_a-strcmp.o)
 .ARM.attributes
                0x000002ff       0x1d ..\..\components\newlib\newlib-3.1.0\armca5\libc.a(lib_a-strlen.o)
 .ARM.attributes
                0x0000031c       0x37 ..\..\components\newlib\newlib-3.1.0\armca5\libc.a(lib_a-strncmp.o)
 .ARM.attributes
                0x00000353       0x37 ..\..\components\newlib\newlib-3.1.0\armca5\libc.a(lib_a-strtod.o)
 .ARM.attributes
                0x0000038a       0x37 ..\..\components\newlib\newlib-3.1.0\armca5\libc.a(lib_a-strtol.o)
 .ARM.attributes
                0x000003c1       0x37 ..\..\components\newlib\newlib-3.1.0\armca5\libc.a(lib_a-svfprintf.o)
 .ARM.attributes
                0x000003f8       0x3d ..\..\components\newlib\newlib-3.1.0\armca5\libc.a(lib_a-ctype_.o)
 .ARM.attributes
                0x00000435       0x37 ..\..\components\newlib\newlib-3.1.0\armca5\libc.a(lib_a-dtoa.o)
 .ARM.attributes
                0x0000046c       0x37 ..\..\components\newlib\newlib-3.1.0\armca5\libc.a(lib_a-gdtoa-gethex.o)
 .ARM.attributes
                0x000004a3       0x37 ..\..\components\newlib\newlib-3.1.0\armca5\libc.a(lib_a-gdtoa-hexnan.o)
 .ARM.attributes
                0x000004da       0x37 ..\..\components\newlib\newlib-3.1.0\armca5\libc.a(lib_a-lnumeric.o)
 .ARM.attributes
                0x00000511       0x37 ..\..\components\newlib\newlib-3.1.0\armca5\libc.a(lib_a-localeconv.o)
 .ARM.attributes
                0x00000548       0x37 ..\..\components\newlib\newlib-3.1.0\armca5\libc.a(lib_a-locale.o)
 .ARM.attributes
                0x0000057f       0x37 ..\..\components\newlib\newlib-3.1.0\armca5\libc.a(lib_a-mbtowc_r.o)
 .ARM.attributes
                0x000005b6       0x37 ..\..\components\newlib\newlib-3.1.0\armca5\libc.a(lib_a-mprec.o)
 .ARM.attributes
                0x000005ed       0x37 ..\..\components\newlib\newlib-3.1.0\armca5\libc.a(lib_a-s_frexp.o)
 .ARM.attributes
                0x00000624       0x37 ..\..\components\newlib\newlib-3.1.0\armca5\libc.a(lib_a-s_nan.o)
 .ARM.attributes
                0x0000065b       0x37 ..\..\components\newlib\newlib-3.1.0\armca5\libc.a(lib_a-strncpy.o)
 .ARM.attributes
                0x00000692       0x37 ..\..\components\newlib\newlib-3.1.0\armca5\libc.a(lib_a-svfiprintf.o)
 .ARM.attributes
                0x000006c9       0x37 ..\..\components\newlib\newlib-3.1.0\armca5\libc.a(lib_a-wctomb_r.o)
 .ARM.attributes
                0x00000700       0x19 ..\..\prebuilts\win32\gcc-arm-none-eabi\gcc-arm-none-eabi-9.2.1\lib\gcc\arm-none-eabi\9.2.1\thumb\v7+fp\hard\libgcc.a(_udivsi3.o)
 .ARM.attributes
                0x00000719       0x19 ..\..\prebuilts\win32\gcc-arm-none-eabi\gcc-arm-none-eabi-9.2.1\lib\gcc\arm-none-eabi\9.2.1\thumb\v7+fp\hard\libgcc.a(_divsi3.o)
 .ARM.attributes
                0x00000732       0x19 ..\..\prebuilts\win32\gcc-arm-none-eabi\gcc-arm-none-eabi-9.2.1\lib\gcc\arm-none-eabi\9.2.1\thumb\v7+fp\hard\libgcc.a(_dvmd_tls.o)
 .ARM.attributes
                0x0000074b       0x19 ..\..\prebuilts\win32\gcc-arm-none-eabi\gcc-arm-none-eabi-9.2.1\lib\gcc\arm-none-eabi\9.2.1\thumb\v7+fp\hard\libgcc.a(_arm_addsubdf3.o)
 .ARM.attributes
                0x00000764       0x19 ..\..\prebuilts\win32\gcc-arm-none-eabi\gcc-arm-none-eabi-9.2.1\lib\gcc\arm-none-eabi\9.2.1\thumb\v7+fp\hard\libgcc.a(_aeabi_uldivmod.o)
 .ARM.attributes
                0x0000077d       0x2d ..\..\prebuilts\win32\gcc-arm-none-eabi\gcc-arm-none-eabi-9.2.1\lib\gcc\arm-none-eabi\9.2.1\thumb\v7+fp\hard\libgcc.a(_fixdfdi.o)
 .ARM.attributes
                0x000007aa       0x2d ..\..\prebuilts\win32\gcc-arm-none-eabi\gcc-arm-none-eabi-9.2.1\lib\gcc\arm-none-eabi\9.2.1\thumb\v7+fp\hard\libgcc.a(_fixunsdfdi.o)
 .ARM.attributes
                0x000007d7       0x2d ..\..\prebuilts\win32\gcc-arm-none-eabi\gcc-arm-none-eabi-9.2.1\lib\gcc\arm-none-eabi\9.2.1\thumb\v7+fp\hard\libgcc.a(_udivmoddi4.o)

/DISCARD/
 *(.dynstr*)
 *(.dynamic*)
 *(.plt*)
 *(.interp*)
 *(.gnu*)
OUTPUT(hex\examples\APPIMAGE_APP.elf elf32-littlearm)

.debug_info     0x00000000     0xf072
 .debug_info    0x00000000     0x2386 components/ql-application/init/CMakeFiles/APPIMAGE_APP.dir/ql_init.c.obj
 .debug_info    0x00002386     0x1ba7 lib/libql_app_peripheral.a(led_cfg_demo.c.obj)
 .debug_info    0x00003f2d     0x1e49 lib/libql_app_power.a(power_demo.c.obj)
 .debug_info    0x00005d76     0x3fff lib/libql_app_mqtt.a(mqtt_demo.c.obj)
 .debug_info    0x00009d75     0x52fd lib/libql_app_hd_gnss.a(hd_gnss_demo.c.obj)

.debug_abbrev   0x00000000     0x15f4
 .debug_abbrev  0x00000000      0x3d6 components/ql-application/init/CMakeFiles/APPIMAGE_APP.dir/ql_init.c.obj
 .debug_abbrev  0x000003d6      0x384 lib/libql_app_peripheral.a(led_cfg_demo.c.obj)
 .debug_abbrev  0x0000075a      0x3eb lib/libql_app_power.a(power_demo.c.obj)
 .debug_abbrev  0x00000b45      0x486 lib/libql_app_mqtt.a(mqtt_demo.c.obj)
 .debug_abbrev  0x00000fcb      0x629 lib/libql_app_hd_gnss.a(hd_gnss_demo.c.obj)

.debug_loc      0x00000000     0x2818
 .debug_loc     0x00000000       0xda components/ql-application/init/CMakeFiles/APPIMAGE_APP.dir/ql_init.c.obj
 .debug_loc     0x000000da      0x229 lib/libql_app_peripheral.a(led_cfg_demo.c.obj)
 .debug_loc     0x00000303      0x1b7 lib/libql_app_power.a(power_demo.c.obj)
 .debug_loc     0x000004ba      0x83e lib/libql_app_mqtt.a(mqtt_demo.c.obj)
 .debug_loc     0x00000cf8     0x1b20 lib/libql_app_hd_gnss.a(hd_gnss_demo.c.obj)

.debug_aranges  0x00000000      0x210
 .debug_aranges
                0x00000000       0x30 components/ql-application/init/CMakeFiles/APPIMAGE_APP.dir/ql_init.c.obj
 .debug_aranges
                0x00000030       0x38 lib/libql_app_peripheral.a(led_cfg_demo.c.obj)
 .debug_aranges
                0x00000068       0x70 lib/libql_app_power.a(power_demo.c.obj)
 .debug_aranges
                0x000000d8       0x58 lib/libql_app_mqtt.a(mqtt_demo.c.obj)
 .debug_aranges
                0x00000130       0xe0 lib/libql_app_hd_gnss.a(hd_gnss_demo.c.obj)

.debug_ranges   0x00000000      0x298
 .debug_ranges  0x00000000       0x50 components/ql-application/init/CMakeFiles/APPIMAGE_APP.dir/ql_init.c.obj
 .debug_ranges  0x00000050       0x28 lib/libql_app_peripheral.a(led_cfg_demo.c.obj)
 .debug_ranges  0x00000078       0x60 lib/libql_app_power.a(power_demo.c.obj)
 .debug_ranges  0x000000d8       0x80 lib/libql_app_mqtt.a(mqtt_demo.c.obj)
 .debug_ranges  0x00000158      0x140 lib/libql_app_hd_gnss.a(hd_gnss_demo.c.obj)

.debug_line     0x00000000     0x3b70
 .debug_line    0x00000000      0x5da components/ql-application/init/CMakeFiles/APPIMAGE_APP.dir/ql_init.c.obj
 .debug_line    0x000005da      0x46f lib/libql_app_peripheral.a(led_cfg_demo.c.obj)
 .debug_line    0x00000a49      0x63a lib/libql_app_power.a(power_demo.c.obj)
 .debug_line    0x00001083      0xc99 lib/libql_app_mqtt.a(mqtt_demo.c.obj)
 .debug_line    0x00001d1c     0x1e54 lib/libql_app_hd_gnss.a(hd_gnss_demo.c.obj)

.debug_str      0x00000000     0x593c
 .debug_str     0x00000000     0x1be1 components/ql-application/init/CMakeFiles/APPIMAGE_APP.dir/ql_init.c.obj
                               0x1d17 (size before relaxing)
 .debug_str     0x00001be1     0x1ca3 lib/libql_app_peripheral.a(led_cfg_demo.c.obj)
                               0x294e (size before relaxing)
 .debug_str     0x00003884      0x336 lib/libql_app_power.a(power_demo.c.obj)
                               0x29e2 (size before relaxing)
 .debug_str     0x00003bba     0x13e4 lib/libql_app_mqtt.a(mqtt_demo.c.obj)
                               0x36af (size before relaxing)
 .debug_str     0x00004f9e      0x99e lib/libql_app_hd_gnss.a(hd_gnss_demo.c.obj)
                               0x42fc (size before relaxing)

.debug_frame    0x00000000      0x8a8
 .debug_frame   0x00000000       0x60 components/ql-application/init/CMakeFiles/APPIMAGE_APP.dir/ql_init.c.obj
 .debug_frame   0x00000060       0x80 lib/libql_app_peripheral.a(led_cfg_demo.c.obj)
 .debug_frame   0x000000e0      0x140 lib/libql_app_power.a(power_demo.c.obj)
 .debug_frame   0x00000220      0x124 lib/libql_app_mqtt.a(mqtt_demo.c.obj)
 .debug_frame   0x00000344      0x328 lib/libql_app_hd_gnss.a(hd_gnss_demo.c.obj)
 .debug_frame   0x0000066c       0x34 ..\..\components\newlib\newlib-3.1.0\armca5\libc.a(lib_a-memchr.o)
 .debug_frame   0x000006a0       0x68 ..\..\components\newlib\newlib-3.1.0\armca5\libc.a(lib_a-strcmp.o)
 .debug_frame   0x00000708       0x20 ..\..\prebuilts\win32\gcc-arm-none-eabi\gcc-arm-none-eabi-9.2.1\lib\gcc\arm-none-eabi\9.2.1\thumb\v7+fp\hard\libgcc.a(_udivsi3.o)
 .debug_frame   0x00000728       0x20 ..\..\prebuilts\win32\gcc-arm-none-eabi\gcc-arm-none-eabi-9.2.1\lib\gcc\arm-none-eabi\9.2.1\thumb\v7+fp\hard\libgcc.a(_divsi3.o)
 .debug_frame   0x00000748       0xac ..\..\prebuilts\win32\gcc-arm-none-eabi\gcc-arm-none-eabi-9.2.1\lib\gcc\arm-none-eabi\9.2.1\thumb\v7+fp\hard\libgcc.a(_arm_addsubdf3.o)
 .debug_frame   0x000007f4       0x2c ..\..\prebuilts\win32\gcc-arm-none-eabi\gcc-arm-none-eabi-9.2.1\lib\gcc\arm-none-eabi\9.2.1\thumb\v7+fp\hard\libgcc.a(_aeabi_uldivmod.o)
 .debug_frame   0x00000820       0x30 ..\..\prebuilts\win32\gcc-arm-none-eabi\gcc-arm-none-eabi-9.2.1\lib\gcc\arm-none-eabi\9.2.1\thumb\v7+fp\hard\libgcc.a(_fixdfdi.o)
 .debug_frame   0x00000850       0x20 ..\..\prebuilts\win32\gcc-arm-none-eabi\gcc-arm-none-eabi-9.2.1\lib\gcc\arm-none-eabi\9.2.1\thumb\v7+fp\hard\libgcc.a(_fixunsdfdi.o)
 .debug_frame   0x00000870       0x38 ..\..\prebuilts\win32\gcc-arm-none-eabi\gcc-arm-none-eabi-9.2.1\lib\gcc\arm-none-eabi\9.2.1\thumb\v7+fp\hard\libgcc.a(_udivmoddi4.o)
